C:\Users\kosmo\Desktop\shop\src\main\java\com\shop\repository\ItemImgRepository.java
C:\Users\kosmo\Desktop\shop\target\generated-sources\java\com\shop\entity\QCart.java
C:\Users\kosmo\Desktop\shop\src\main\java\com\shop\config\SecurityConfig.java
C:\Users\kosmo\Desktop\shop\target\generated-sources\java\com\shop\entity\QMember.java
C:\Users\kosmo\Desktop\shop\src\main\java\com\shop\dto\ItemDto.java
C:\Users\kosmo\Desktop\shop\src\main\java\com\shop\config\CustomAuthenticationEntryPoint.java
C:\Users\kosmo\Desktop\shop\src\main\java\com\shop\service\ItemService.java
C:\Users\kosmo\Desktop\shop\src\main\java\com\shop\service\FileService.java
C:\Users\kosmo\Desktop\shop\src\main\java\com\shop\controller\ItemController.java
C:\Users\kosmo\Desktop\shop\target\generated-sources\java\com\shop\entity\QBaseEntity.java
C:\Users\kosmo\Desktop\shop\src\main\java\com\shop\dto\ItemFormDto.java
C:\Users\kosmo\Desktop\shop\src\main\java\com\shop\service\MemberService.java
C:\Users\kosmo\Desktop\shop\src\main\java\com\shop\entity\Item.java
C:\Users\kosmo\Desktop\shop\src\main\java\com\shop\entity\Cart.java
C:\Users\kosmo\Desktop\shop\src\main\java\com\shop\repository\ItemRepositoryForm.java
C:\Users\kosmo\Desktop\shop\src\main\java\com\shop\controller\MainController.java
C:\Users\kosmo\Desktop\shop\src\main\java\com\shop\repository\CartRepository.java
C:\Users\kosmo\Desktop\shop\target\generated-sources\java\com\shop\entity\QItemImg.java
C:\Users\kosmo\Desktop\shop\src\main\java\com\shop\service\ItemImgService.java
C:\Users\kosmo\Desktop\shop\src\main\java\com\shop\controller\MemberController.java
C:\Users\kosmo\Desktop\shop\src\main\java\com\shop\service\ItemServiceFormImpl.java
C:\Users\kosmo\Desktop\shop\src\main\java\com\shop\constant\Role.java
C:\Users\kosmo\Desktop\shop\target\generated-sources\java\com\shop\entity\QCartItem.java
C:\Users\kosmo\Desktop\shop\src\main\java\com\shop\entity\BaseTimeEntity.java
C:\Users\kosmo\Desktop\shop\src\main\java\com\shop\repository\ItemRepositoryFormImpl.java
C:\Users\kosmo\Desktop\shop\src\main\java\com\shop\service\ItemServiceForm.java
C:\Users\kosmo\Desktop\shop\src\main\java\com\shop\repository\OrderItemRepository.java
C:\Users\kosmo\Desktop\shop\target\generated-sources\java\com\shop\entity\QItem.java
C:\Users\kosmo\Desktop\shop\src\main\java\com\shop\config\AuditConfig.java
C:\Users\kosmo\Desktop\shop\src\main\java\com\shop\controller\ThymeleafExController.java
C:\Users\kosmo\Desktop\shop\src\main\java\com\shop\ShopApplication.java
C:\Users\kosmo\Desktop\shop\src\main\java\com\shop\entity\Member.java
C:\Users\kosmo\Desktop\shop\src\main\java\com\shop\dto\ItemImgDto.java
C:\Users\kosmo\Desktop\shop\target\generated-sources\java\com\shop\entity\QBaseTimeEntity.java
C:\Users\kosmo\Desktop\shop\target\generated-sources\java\com\shop\entity\QOrder.java
C:\Users\kosmo\Desktop\shop\src\main\java\com\shop\config\AuditorAwareImpl.java
C:\Users\kosmo\Desktop\shop\src\main\java\com\shop\constant\OrderStatus.java
C:\Users\kosmo\Desktop\shop\src\main\java\com\shop\constant\ItemSellStatus.java
C:\Users\kosmo\Desktop\shop\src\main\java\com\shop\repository\MemberRepository.java
C:\Users\kosmo\Desktop\shop\src\main\java\com\shop\repository\OrderRepository.java
C:\Users\kosmo\Desktop\shop\target\generated-sources\java\com\shop\entity\QOrderItem.java
C:\Users\kosmo\Desktop\shop\src\main\java\com\shop\entity\OrderItem.java
C:\Users\kosmo\Desktop\shop\src\main\java\com\shop\entity\Order.java
C:\Users\kosmo\Desktop\shop\src\main\java\com\shop\repository\ItemRepository.java
C:\Users\kosmo\Desktop\shop\src\main\java\com\shop\entity\ItemImg.java
C:\Users\kosmo\Desktop\shop\src\main\java\com\shop\config\WebMvcConfig.java
C:\Users\kosmo\Desktop\shop\src\main\java\com\shop\entity\BaseEntity.java
C:\Users\kosmo\Desktop\shop\src\main\java\com\shop\dto\MemberFormDto.java
C:\Users\kosmo\Desktop\shop\src\main\java\com\shop\entity\CartItem.java
